../Core/Src/touch.c:28:6:Touch_Init	40	static
../Core/Src/touch.c:50:9:Touch_Is_Pressed	8	static
../Core/Src/touch.c:55:10:Touch_Read_ADC	24	static
../Core/Src/touch.c:60:6:Touch_Get_Point	56	static
../Core/Src/touch.c:84:6:Touch_Get_Calibrated_Point	32	static
../Core/Src/touch.c:110:9:Touch_Is_Calibrated	0	static
../Core/Src/touch.c:115:9:Touch_Calibrate	200	static
../Core/Src/touch.c:205:6:Touch_Save_Calibration	112	static
../Core/Src/touch.c:235:9:Touch_Load_Calibration	8	static
../Core/Src/touch.c:253:6:HAL_GPIO_EXTI_Callback	8	static
