../Core/Src/lvgl/src/widgets/lv_roller.c:777:13:set_y_anim	0	static
../Core/Src/lvgl/src/widgets/lv_roller.c:570:13:get_sel_area	32	static
../Core/Src/lvgl/src/widgets/lv_roller.c:726:13:inf_normalize.part.0	24	static
../Core/Src/lvgl/src/widgets/lv_roller.c:771:13:scroll_anim_ready_cb	8	static
../Core/Src/lvgl/src/widgets/lv_roller.c:594:13:refr_position	112	static
../Core/Src/lvgl/src/widgets/lv_roller.c:291:13:lv_roller_constructor	16	static
../Core/Src/lvgl/src/widgets/lv_roller.c:415:13:lv_roller_label_event	96	static
../Core/Src/lvgl/src/widgets/lv_roller.c:312:13:lv_roller_event	144	static
../Core/Src/lvgl/src/widgets/lv_roller.c:78:12:lv_roller_create	8	static
../Core/Src/lvgl/src/widgets/lv_roller.c:96:6:lv_roller_set_options	48	static
../Core/Src/lvgl/src/widgets/lv_roller.c:152:6:lv_roller_set_selected	12	static
../Core/Src/lvgl/src/widgets/lv_roller.c:191:6:lv_roller_set_visible_row_count	24	static
../Core/Src/lvgl/src/widgets/lv_roller.c:210:10:lv_roller_get_selected	0	static
../Core/Src/lvgl/src/widgets/lv_roller.c:230:6:lv_roller_get_selected_str	24	static
../Core/Src/lvgl/src/widgets/lv_roller.c:262:14:lv_roller_get_options	8	static
../Core/Src/lvgl/src/widgets/lv_roller.c:274:10:lv_roller_get_option_cnt	0	static
