../Core/Src/lvgl/src/core/lv_indev_scroll.c:507:19:find_snap_point_y	64	static
../Core/Src/lvgl/src/core/lv_indev_scroll.c:452:19:find_snap_point_x	64	static
../Core/Src/lvgl/src/core/lv_indev_scroll.c:606:19:elastic_diff	32	static
../Core/Src/lvgl/src/core/lv_indev_scroll.c:46:6:_lv_indev_scroll_handler	88	static
../Core/Src/lvgl/src/core/lv_indev_scroll.c:109:6:_lv_indev_scroll_throw_handler	48	static
../Core/Src/lvgl/src/core/lv_indev_scroll.c:220:12:lv_indev_scroll_throw_predict	8	static
../Core/Src/lvgl/src/core/lv_indev_scroll.c:245:6:lv_indev_scroll_get_snap_dist	16	static
